Using Python 3.12.14 environment at: /venv/main
Resolved 59 packages in 725ms
Downloading plotly (9.2MiB)
Downloading pydantic-core (2.0MiB)
Downloading dash (8.5MiB)
Downloading open3d (382.2MiB)
 Downloaded pydantic-core
 Downloaded dash
 Downloaded plotly
 Downloaded open3d
Prepared 28 packages in 29.47s
Installed 28 packages in 393ms
 + annotated-types==0.8.0
 + attrs==26.1.0
 + blinker==1.9.0
 + charset-normalizer==3.5.1
 + configargparse==1.7.7
 + dash==4.4.1
 + fastjsonschema==2.22.2
 + flask==3.1.3
 + importlib-metadata==9.0.1
 + itsdangerous==2.2.0
 + janus==2.0.0
 + jsonschema==4.26.0
 + jsonschema-specifications==2025.9.1
 + narwhals==2.26.0
 + nbformat==5.11.1
 + nest-asyncio==1.6.0
 + open3d==0.20.0
 + plotly==7.1.0
 + pydantic==2.13.5
 + pydantic-core==2.46.5
 + referencing==0.37.0
 + requests==2.34.2
 + retrying==1.4.2
 + rpds-py==2026.6.3
 + typing-inspection==0.4.4
 + urllib3==2.8.0
 + werkzeug==3.1.8
 + zipp==4.1.0
