Using Python 3.12.14 environment at: /venv/main
Resolved 2 packages in 3.79s
   Building diff-gaussian-rasterization @ file:///workspace/4DGaussians/submodules/depth-diff-gaussian-rasterization
   Building simple-knn @ file:///workspace/4DGaussians/submodules/simple-knn
  × Failed to build `simple-knn @
  │ file:///workspace/4DGaussians/submodules/simple-knn`
  ├─▶ The build backend returned an error
  ╰─▶ Call to `setuptools.build_meta:__legacy__.build_wheel` failed (exit
      status: 1)

      [stdout]
      running bdist_wheel
      running build
      running build_ext
      building 'simple_knn._C' extension
      [1/3] /usr/local/cuda/bin/nvcc
      --generate-dependencies-with-compile --dependency-output
      /workspace/4DGaussians/submodules/simple-knn/build/temp.linux-x86_64-cpython-312/simple_knn.o.d
      -I/venv/main/lib/python3.12/site-packages/torch/include
      -I/venv/main/lib/python3.12/site-packages/torch/include/torch/csrc/api/include
      -I/usr/local/cuda/include -I/venv/main/include/python3.12 -c -c
      /workspace/4DGaussians/submodules/simple-knn/simple_knn.cu -o
      /workspace/4DGaussians/submodules/simple-knn/build/temp.linux-x86_64-cpython-312/simple_knn.o
      -D__CUDA_NO_HALF_OPERATORS__ -D__CUDA_NO_HALF_CONVERSIONS__
      -D__CUDA_NO_BFLOAT16_CONVERSIONS__ -D__CUDA_NO_HALF2_OPERATORS__
      --expt-relaxed-constexpr --compiler-options ''"'"'-fPIC'"'"''
      -DTORCH_API_INCLUDE_EXTENSION_H '-DPYBIND11_COMPILER_TYPE="_gcc"'
      '-DPYBIND11_STDLIB="_libstdcpp"' '-DPYBIND11_BUILD_ABI="_cxxabi1016"'
      -DTORCH_EXTENSION_NAME=_C -D_GLIBCXX_USE_CXX11_ABI=1
      -gencode=arch=compute_86,code=sm_86 -std=c++17
      FAILED: [code=2]
      /workspace/4DGaussians/submodules/simple-knn/build/temp.linux-x86_64-cpython-312/simple_knn.o
      /usr/local/cuda/bin/nvcc
      --generate-dependencies-with-compile --dependency-output
      /workspace/4DGaussians/submodules/simple-knn/build/temp.linux-x86_64-cpython-312/simple_knn.o.d
      -I/venv/main/lib/python3.12/site-packages/torch/include
      -I/venv/main/lib/python3.12/site-packages/torch/include/torch/csrc/api/include
      -I/usr/local/cuda/include -I/venv/main/include/python3.12 -c -c
      /workspace/4DGaussians/submodules/simple-knn/simple_knn.cu -o
      /workspace/4DGaussians/submodules/simple-knn/build/temp.linux-x86_64-cpython-312/simple_knn.o
      -D__CUDA_NO_HALF_OPERATORS__ -D__CUDA_NO_HALF_CONVERSIONS__
      -D__CUDA_NO_BFLOAT16_CONVERSIONS__ -D__CUDA_NO_HALF2_OPERATORS__
      --expt-relaxed-constexpr --compiler-options ''"'"'-fPIC'"'"''
      -DTORCH_API_INCLUDE_EXTENSION_H '-DPYBIND11_COMPILER_TYPE="_gcc"'
      '-DPYBIND11_STDLIB="_libstdcpp"' '-DPYBIND11_BUILD_ABI="_cxxabi1016"'
      -DTORCH_EXTENSION_NAME=_C -D_GLIBCXX_USE_CXX11_ABI=1
      -gencode=arch=compute_86,code=sm_86 -std=c++17
      /workspace/4DGaussians/submodules/simple-knn/simple_knn.cu:23: warning:
      "__CUDACC__" redefined
         23 | #define __CUDACC__
            |
      <command-line>: note: this is the location of the previous definition
      /workspace/4DGaussians/submodules/simple-knn/simple_knn.cu:23: warning:
      "__CUDACC__" redefined
         23 | #define __CUDACC__
            |
      <command-line>: note: this is the location of the previous definition
      /workspace/4DGaussians/submodules/simple-knn/simple_knn.cu(90): error:
      identifier "FLT_MAX" is undefined
          me.minn = { FLT_MAX, FLT_MAX, FLT_MAX };
                      ^

      /workspace/4DGaussians/submodules/simple-knn/simple_knn.cu(154): error:
      identifier "FLT_MAX" is undefined
         float best[3] = { FLT_MAX, FLT_MAX, FLT_MAX };
                           ^

      2 errors detected in the compilation of
      "/workspace/4DGaussians/submodules/simple-knn/simple_knn.cu".
      [2/3] c++ -MMD -MF
      /workspace/4DGaussians/submodules/simple-knn/build/temp.linux-x86_64-cpython-312/ext.o.d
      -pthread -B /venv/main/compiler_compat -fno-strict-overflow
      -Wsign-compare -DNDEBUG -O2 -Wall -fPIC -O2
      -fno-merge-constants -isystem /venv/main/include
      -fdebug-prefix-map=/home/conda/feedstock_root/build_artifacts/python-split_1788390929916/work=/usr/local/src/conda/python-split-3.12.14
      -fPIC -O2 -fno-merge-constants -isystem /venv/main/include
      -fdebug-prefix-map=/home/conda/feedstock_root/build_artifacts/python-split_1788390929916/work=/usr/local/src/conda/python-split-3.12.14
      -fPIC -I/venv/main/lib/python3.12/site-packages/torch/include
      -I/venv/main/lib/python3.12/site-packages/torch/include/torch/csrc/api/include
      -I/usr/local/cuda/include -I/venv/main/include/python3.12 -c
      -c /workspace/4DGaussians/submodules/simple-knn/ext.cpp -o
      /workspace/4DGaussians/submodules/simple-knn/build/temp.linux-x86_64-cpython-312/ext.o
      -DTORCH_API_INCLUDE_EXTENSION_H '-DPYBIND11_COMPILER_TYPE="_gcc"'
      '-DPYBIND11_STDLIB="_libstdcpp"' '-DPYBIND11_BUILD_ABI="_cxxabi1016"'
      -DTORCH_EXTENSION_NAME=_C -D_GLIBCXX_USE_CXX11_ABI=1 -std=c++17
      ninja: build stopped: subcommand failed.

      [stderr]
      /venv/main/lib/python3.12/site-packages/torch/utils/cpp_extension.py:490:
      UserWarning: There are no g++ version bounds defined for CUDA version
      12.8
        warnings.warn(f'There are no {compiler_name} version bounds defined
      for CUDA version {cuda_str_version}')
      Emitting ninja build file
      /workspace/4DGaussians/submodules/simple-knn/build/temp.linux-x86_64-cpython-312/build.ninja...
      Compiling objects...
      Using envvar MAX_JOBS (2) as the number of workers...
      Traceback (most recent call last):
        File
      "/venv/main/lib/python3.12/site-packages/torch/utils/cpp_extension.py",
      line 2506, in _run_ninja_build
          subprocess.run(
        File "/venv/main/lib/python3.12/subprocess.py", line 571, in run
          raise CalledProcessError(retcode, process.args,
      subprocess.CalledProcessError: Command '['ninja', '-v', '-j', '2']'
      returned non-zero exit status 2.

      The above exception was the direct cause of the following exception:

      Traceback (most recent call last):
        File "<string>", line 11, in <module>
        File "/venv/main/lib/python3.12/site-packages/setuptools/build_meta.py",
      line 441, in build_wheel
          return _build(['bdist_wheel', '--dist-info-dir',
      str(metadata_directory)])
      
      ^^^^^^^^^^^^^^^^^^^^^^^^^^^^^^^^^^^^^^^^^^^^^^^^^^^^^^^^^^^^^^^^^^^
        File "/venv/main/lib/python3.12/site-packages/setuptools/build_meta.py",
      line 429, in _build
          return self._build_with_temp_dir(
                 ^^^^^^^^^^^^^^^^^^^^^^^^^^
        File "/venv/main/lib/python3.12/site-packages/setuptools/build_meta.py",
      line 410, in _build_with_temp_dir
          self.run_setup()
        File "/venv/main/lib/python3.12/site-packages/setuptools/build_meta.py",
      line 520, in run_setup
          super().run_setup(setup_script=setup_script)
        File "/venv/main/lib/python3.12/site-packages/setuptools/build_meta.py",
      line 317, in run_setup
          exec(code, locals())  # noqa: S102 # exec is intentional here
          ^^^^^^^^^^^^^^^^^^^^
        File "<string>", line 21, in <module>
        File "/venv/main/lib/python3.12/site-packages/setuptools/__init__.py",
      line 117, in setup
          return distutils.core.setup(**attrs)  # type: ignore[return-value]
                 ^^^^^^^^^^^^^^^^^^^^^^^^^^^^^
        File
      "/venv/main/lib/python3.12/site-packages/setuptools/_distutils/core.py",
      line 168, in setup
          return run_commands(dist)
                 ^^^^^^^^^^^^^^^^^^
        File
      "/venv/main/lib/python3.12/site-packages/setuptools/_distutils/core.py",
      line 184, in run_commands
          dist.run_commands()
        File
      "/venv/main/lib/python3.12/site-packages/setuptools/_distutils/dist.py",
      line 1028, in run_commands
          self.run_command(cmd)
        File "/venv/main/lib/python3.12/site-packages/setuptools/dist.py",
      line 1106, in run_command
          super().run_command(command)
        File
      "/venv/main/lib/python3.12/site-packages/setuptools/_distutils/dist.py",
      line 1047, in run_command
          cmd_obj.run()
        File
      "/venv/main/lib/python3.12/site-packages/setuptools/command/bdist_wheel.py",
      line 385, in run
          self.run_command("build")
        File
      "/venv/main/lib/python3.12/site-packages/setuptools/_distutils/cmd.py",
      line 342, in run_command
          self.distribution.run_command(command)
        File "/venv/main/lib/python3.12/site-packages/setuptools/dist.py",
      line 1106, in run_command
          super().run_command(command)
        File
      "/venv/main/lib/python3.12/site-packages/setuptools/_distutils/dist.py",
      line 1047, in run_command
          cmd_obj.run()
        File
      "/venv/main/lib/python3.12/site-packages/setuptools/_distutils/command/build.py",
      line 137, in run
          self.run_command(cmd_name)
        File
      "/venv/main/lib/python3.12/site-packages/setuptools/_distutils/cmd.py",
      line 342, in run_command
          self.distribution.run_command(command)
        File "/venv/main/lib/python3.12/site-packages/setuptools/dist.py",
      line 1106, in run_command
          super().run_command(command)
        File
      "/venv/main/lib/python3.12/site-packages/setuptools/_distutils/dist.py",
      line 1047, in run_command
          cmd_obj.run()
        File
      "/venv/main/lib/python3.12/site-packages/setuptools/command/build_ext.py",
      line 95, in run
          _build_ext.run(self)
        File
      "/venv/main/lib/python3.12/site-packages/setuptools/_distutils/command/build_ext.py",
      line 382, in run
          self.build_extensions()
        File
      "/venv/main/lib/python3.12/site-packages/torch/utils/cpp_extension.py",
      line 1010, in build_extensions
          build_ext.build_extensions(self)
        File
      "/venv/main/lib/python3.12/site-packages/setuptools/_distutils/command/build_ext.py",
      line 498, in build_extensions
          self._build_extensions_serial()
        File
      "/venv/main/lib/python3.12/site-packages/setuptools/_distutils/command/build_ext.py",
      line 524, in _build_extensions_serial
          self.build_extension(ext)
        File
      "/venv/main/lib/python3.12/site-packages/setuptools/command/build_ext.py",
      line 260, in build_extension
          _build_ext.build_extension(self, ext)
        File
      "/venv/main/lib/python3.12/site-packages/setuptools/_distutils/command/build_ext.py",
      line 585, in build_extension
          objects = self.compiler.compile(
                    ^^^^^^^^^^^^^^^^^^^^^^
        File
      "/venv/main/lib/python3.12/site-packages/torch/utils/cpp_extension.py",
      line 815, in unix_wrap_ninja_compile
          _write_ninja_file_and_compile_objects(
        File
      "/venv/main/lib/python3.12/site-packages/torch/utils/cpp_extension.py",
      line 2159, in _write_ninja_file_and_compile_objects
          _run_ninja_build(
        File
      "/venv/main/lib/python3.12/site-packages/torch/utils/cpp_extension.py",
      line 2522, in _run_ninja_build
          raise RuntimeError(message) from e
      RuntimeError: Error compiling objects for extension


hint: Build failures usually indicate a problem with the package or the build environment
